First project file log.
